Latency table: real 10-AWS-region RTT matrix (default, committee index i -> region i % 10)

=== local-benchmark configuration ===
Nodes: 20   Workers/node: 1   Rate: 100 tx/s   Tx size: 512 B
Protocol: Vantage   Mode: Random   Duration: 60 s   Base port: 34000
Delta: 200 ms   Max batch delay: 20 ms   Max header delay: 100 ms
Data dir: /tmp/vantage-n20-matrix-r4
Availability acknowledgments: positional claims on AGB echoes (default)
Digest-named AGB statements: ON (Vantage ECHO/READY name their proposal by hash instead of by value)
Vantage committee identifiers: one-byte indices (default)
======================================

Prometheus target file: /tmp/vantage-n20-matrix-r4/prometheus.yaml
Bring up monitoring (optional): docker compose -f monitoring/docker-compose.yml up -d
Grafana (once up): http://localhost:3003

Running benchmark (60 sec)...

-----------------------------------------
 SUMMARY:
-----------------------------------------
 + RESULTS:
 Consensus TPS: 99 tx/s
 Consensus BPS: 50842 B/s

 Real transaction latency: avg 436.57 ms (stddev 66.44), p50/p90/p99 438.00/526.00/594.00 ms (5958 txs, 0 misses)
 Materialised transaction latency: avg 442.87 ms (stddev 66.45), p50/p90/p99 444.00/532.00/601.00 ms (5958 txs)
 Pipeline latency (pooled average; median node percentiles):
   tx submission -> batch seal                       avg   11.34 ms  p50/p90/p99   11.00/  20.00/  22.00 ms  (20 nodes)
   ordered commit -> materialization                 avg    6.30 ms  p50/p90/p99    6.00/   7.00/   8.00 ms  (20 nodes)
   worker batch hash + durable store                 avg    0.00 ms  p50/p90/p99    0.00/   0.00/   0.01 ms  (20 nodes)
   first batch digest -> block publication           avg   50.71 ms  p50/p90/p99   50.62/  91.21/ 100.73 ms  (20 nodes)
   block publication -> quorum availability          avg  292.60 ms  p50/p90/p99  291.13/ 351.30/ 388.14 ms  (20 nodes)
   block publication -> first proposal inclusion     avg  175.27 ms  p50/p90/p99  178.12/ 278.72/ 319.11 ms  (20 nodes)
   proposal receipt -> local AGB seal                avg  175.11 ms  p50/p90/p99  182.57/ 243.36/ 275.67 ms  (20 nodes)
   local AGB seal -> ordered view finalization       avg    0.05 ms  p50/p90/p99    0.03/   0.07/   0.22 ms  (20 nodes)
   block publication -> ordered block commit         avg  373.23 ms  p50/p90/p99  371.42/ 432.29/ 468.07 ms  (20 nodes)
 + GOODPUT / NETWORK:
 Submitted: 6000 tx(s), 3072000 B  |  Sequenced (committed): 5958 tx(s), 3050496 B
 Wire: 219311980 B sent, 222406081 B received (1461699 messages sent)
 Overhead bytes per sequenced byte: 71.894
 Per-validator outbound bytes per sequenced byte: min/median/max 3.5743/3.5971/3.6428
 Messages per committed tx: 245.334
 Bandwidth efficiency (512B-normalized): 71.894
 Traffic by category (messages, bytes, % of sent bytes):
   agb                  701613 msgs      77755448 B  (38.1%)
   control              251864 msgs       5806324 B  (2.8%)
   data-blocks          225790 msgs      39776912 B  (19.5%)
   pacemaker               456 msgs          7752 B  (0.0%)
   payload              114000 msgs      60648000 B  (29.7%)
   payload-repair          900 msgs         72000 B  (0.0%)
   primary-worker       136669 msgs       8938320 B  (4.4%)
   protocol-repair         662 msgs        176578 B  (0.1%)
   reconnect-replay       1910 msgs         67213 B  (0.0%)
   state-sync            27835 msgs      10944209 B  (5.4%)
 Traffic by message type (category, messages, serialized bytes):
   Batch                              payload              114000 msgs      60648000 B
   BatchRequest                       payload-repair          450 msgs         28800 B
   Committed                          primary-worker        16950 msgs       4149560 B
   ControlCommit                      control               82460 msgs       1401820 B
   ControlEcho                        control               82802 msgs       2152852 B
   ControlInit                        control                4142 msgs        107692 B
   ControlReady                       control               82460 msgs       2143960 B
   Header                             data-blocks          225790 msgs      39776912 B
   HeadersRequest                     protocol-repair         412 msgs         20188 B
   OthersBatch                        primary-worker       113719 msgs       4548760 B
   OurBatch                           primary-worker         6000 msgs        240000 B
   Replay                             reconnect-replay        991 msgs         50830 B
   Synchronize                        payload-repair          450 msgs         43200 B
   VantageBodyFetch                   protocol-repair         125 msgs          6125 B
   VantageBodyServe                   protocol-repair         125 msgs        150265 B
   VantageEchoDigest                  agb                  342684 msgs      28779376 B
   VantagePropose                     agb                   17157 msgs      28127980 B
   VantageReadyDigest                 agb                  341772 msgs      20848092 B
   VantageReplayDone                  reconnect-replay        380 msgs          7220 B
   VantageResumeHello                 reconnect-replay        539 msgs          9163 B
   VantageSequenceAnnounceBatch       state-sync            27835 msgs      10944209 B
   VantageWish                        pacemaker               456 msgs          7752 B
 Lane resume: 0 requests sent, 0 blocks served, 0 sends dropped

 Node 0 seal routes: direct_full=193, fast_full=706
 Node 1 seal routes: direct_full=235, fast_full=664
 Node 2 seal routes: direct_full=534, fast_full=364
 Node 3 seal routes: direct_full=358, fast_full=541
 Node 4 seal routes: direct_full=234, fast_full=664
 Node 5 seal routes: direct_full=2, fast_full=897
 Node 6 seal routes: direct_full=538, fast_full=361
 Node 7 seal routes: direct_full=372, fast_full=526
 Node 8 seal routes: direct_full=136, fast_full=762
 Node 9 seal routes: direct_full=63, fast_full=835
 Node 10 seal routes: direct_full=191, fast_full=708
 Node 11 seal routes: direct_full=235, fast_full=664
 Node 12 seal routes: direct_full=534, fast_full=364
 Node 13 seal routes: direct_full=358, fast_full=541
 Node 14 seal routes: direct_full=233, fast_full=665
 Node 15 seal routes: direct_full=2, fast_full=897
 Node 16 seal routes: direct_full=538, fast_full=361
 Node 17 seal routes: direct_full=367, fast_full=531
 Node 18 seal routes: direct_full=138, fast_full=760
 Node 19 seal routes: direct_full=64, fast_full=834
 Total seal routes (summed across nodes): direct_full=5325, fast_full=12645
-----------------------------------------

-----------------------------------------
 SUMMARY -- STEADY-STATE (client tasks stopped, 1320 ms drain before re-read):
-----------------------------------------
 + RESULTS:
 Consensus TPS: 100 tx/s
 Consensus BPS: 51200 B/s

 Real transaction latency: avg 436.71 ms (stddev 66.44), p50/p90/p99 438.00/526.00/594.50 ms (6000 txs, 0 misses)
 Materialised transaction latency: avg 443.01 ms (stddev 66.44), p50/p90/p99 444.50/532.00/601.00 ms (6000 txs)
 Pipeline latency (pooled average; median node percentiles):
   tx submission -> batch seal                       avg   11.34 ms  p50/p90/p99   11.00/  20.00/  22.00 ms  (20 nodes)
   ordered commit -> materialization                 avg    6.30 ms  p50/p90/p99    6.00/   7.00/   8.00 ms  (20 nodes)
   worker batch hash + durable store                 avg    0.00 ms  p50/p90/p99    0.00/   0.00/   0.01 ms  (20 nodes)
   first batch digest -> block publication           avg   50.75 ms  p50/p90/p99   51.02/  91.21/ 100.73 ms  (20 nodes)
   block publication -> quorum availability          avg  292.63 ms  p50/p90/p99  291.13/ 351.29/ 388.14 ms  (20 nodes)
   block publication -> first proposal inclusion     avg  175.44 ms  p50/p90/p99  179.43/ 280.19/ 319.11 ms  (20 nodes)
   proposal receipt -> local AGB seal                avg  175.10 ms  p50/p90/p99  182.54/ 255.74/ 275.19 ms  (20 nodes)
   local AGB seal -> ordered view finalization       avg    0.05 ms  p50/p90/p99    0.03/   0.07/   0.20 ms  (20 nodes)
   block publication -> ordered block commit         avg  373.38 ms  p50/p90/p99  371.44/ 432.29/ 468.07 ms  (20 nodes)
 + GOODPUT / NETWORK:
 Submitted: 6000 tx(s), 3072000 B  |  Sequenced (committed): 6000 tx(s), 3072000 B
 Wire: 222861768 B sent, 225957840 B received (1489924 messages sent)
 Overhead bytes per sequenced byte: 72.546
 Per-validator outbound bytes per sequenced byte: min/median/max 3.6019/3.6252/3.6672
 Messages per committed tx: 248.321
 Bandwidth efficiency (512B-normalized): 72.546
 Traffic by category (messages, bytes, % of sent bytes):
   agb                  717763 msgs      79525545 B  (38.4%)
   control              257754 msgs       5942364 B  (2.9%)
   data-blocks          230947 msgs      40599242 B  (19.6%)
   pacemaker               456 msgs          7752 B  (0.0%)
   payload              114000 msgs      60648000 B  (29.3%)
   payload-repair          900 msgs         72000 B  (0.0%)
   primary-worker       137100 msgs       8982000 B  (4.3%)
   protocol-repair         670 msgs        176970 B  (0.1%)
   reconnect-replay       1910 msgs         67213 B  (0.0%)
   state-sync            28424 msgs      11194534 B  (5.4%)
 Traffic by message type (category, messages, serialized bytes):
   Batch                              payload              114000 msgs      60648000 B
   BatchRequest                       payload-repair          450 msgs         28800 B
   Committed                          primary-worker        17100 msgs       4182000 B
   ControlCommit                      control               84360 msgs       1434120 B
   ControlEcho                        control               84740 msgs       2203240 B
   ControlInit                        control                4237 msgs        110162 B
   ControlReady                       control               84417 msgs       2194842 B
   Header                             data-blocks          230947 msgs      40599242 B
   HeadersRequest                     protocol-repair         420 msgs         20580 B
   OthersBatch                        primary-worker       114000 msgs       4560000 B
   OurBatch                           primary-worker         6000 msgs        240000 B
   Replay                             reconnect-replay        991 msgs         50830 B
   Synchronize                        payload-repair          450 msgs         43200 B
   VantageBodyFetch                   protocol-repair         125 msgs          6125 B
   VantageBodyServe                   protocol-repair         125 msgs        150265 B
   VantageEchoDigest                  agb                  350550 msgs      29441716 B
   VantagePropose                     agb                   17537 msgs      28753593 B
   VantageReadyDigest                 agb                  349676 msgs      21330236 B
   VantageReplayDone                  reconnect-replay        380 msgs          7220 B
   VantageResumeHello                 reconnect-replay        539 msgs          9163 B
   VantageSequenceAnnounceBatch       state-sync            28424 msgs      11194534 B
   VantageWish                        pacemaker               456 msgs          7752 B
 Lane resume: 0 requests sent, 0 blocks served, 0 sends dropped

 Node 0 seal routes: direct_full=198, fast_full=722
 Node 1 seal routes: direct_full=241, fast_full=679
 Node 2 seal routes: direct_full=546, fast_full=373
 Node 3 seal routes: direct_full=366, fast_full=553
 Node 4 seal routes: direct_full=239, fast_full=679
 Node 5 seal routes: direct_full=2, fast_full=918
 Node 6 seal routes: direct_full=550, fast_full=370
 Node 7 seal routes: direct_full=382, fast_full=537
 Node 8 seal routes: direct_full=141, fast_full=778
 Node 9 seal routes: direct_full=65, fast_full=854
 Node 10 seal routes: direct_full=195, fast_full=725
 Node 11 seal routes: direct_full=241, fast_full=679
 Node 12 seal routes: direct_full=546, fast_full=373
 Node 13 seal routes: direct_full=366, fast_full=553
 Node 14 seal routes: direct_full=238, fast_full=680
 Node 15 seal routes: direct_full=2, fast_full=918
 Node 16 seal routes: direct_full=550, fast_full=370
 Node 17 seal routes: direct_full=377, fast_full=542
 Node 18 seal routes: direct_full=143, fast_full=776
 Node 19 seal routes: direct_full=65, fast_full=854
 Total seal routes (summed across nodes): direct_full=5453, fast_full=12933
-----------------------------------------
